Found 200 files belonging to 5 classes.
Using 160 files for training.
Found 200 files belonging to 5 classes.
Using 40 files for validation.
Epoch 1/12

[1m 1/10[0m [32m==[0m[37m==================[0m [1m38s[0m 4s/step - accuracy: 0.0625 - loss: 2.1686
[1m 3/10[0m [32m======[0m[37m==============[0m [1m0s[0m 45ms/step - accuracy: 0.1528 - loss: 1.9594
[1m 5/10[0m [32m==========[0m[37m==========[0m [1m0s[0m 41ms/step - accuracy: 0.1935 - loss: 1.8654
[1m 7/10[0m [32m==============[0m[37m======[0m [1m0s[0m 42ms/step - accuracy: 0.2314 - loss: 1.7812
[1m 9/10[0m [32m==================[0m[37m==[0m [1m0s[0m 42ms/step - accuracy: 0.2600 - loss: 1.7238
[1m10/10[0m [32m====================[0m[37m[0m [1m7s[0m 268ms/step - accuracy: 0.3875 - loss: 1.4434 - val_accuracy: 0.5500 - val_loss: 0.9879
Epoch 2/12

[1m 1/10[0m [32m==[0m[37m==================[0m [1m0s[0m 85ms/step - accuracy: 0.8125 - loss: 0.7379
[1m 2/10[0m [32m====[0m[37m================[0m [1m0s[0m 55ms/step - accuracy: 0.7656 - loss: 0.7960
[1m 4/10[0m [32m========[0m[37m============[0m [1m0s[0m 49ms/step - accuracy: 0.7031 - loss: 0.8369
[1m 6/10[0m [32m============[0m[37m========[0m [1m0s[0m 46ms/step - accuracy: 0.6712 - loss: 0.8724
[1m 8/10[0m [32m================[0m[37m====[0m [1m0s[0m 45ms/step - accuracy: 0.6566 - loss: 0.8912
[1m10/10[0m [32m====================[0m[37m[0m [1m0s[0m 44ms/step - accuracy: 0.6516 - loss: 0.8932
[1m10/10[0m [32m====================[0m[37m[0m [1m1s[0m 109ms/step - accuracy: 0.6250 - loss: 0.9008 - val_accuracy: 0.8500 - val_loss: 0.5440
Epoch 3/12

[1m 1/10[0m [32m==[0m[37m==================[0m [1m0s[0m 87ms/step - accuracy: 0.9375 - loss: 0.4286
[1m 2/10[0m [32m====[0m[37m================[0m [1m0s[0m 57ms/step - accuracy: 0.8906 - loss: 0.4559
[1m 4/10[0m [32m========[0m[37m============[0m [1m0s[0m 51ms/step - accuracy: 0.8516 - loss: 0.4933
[1m 6/10[0m [32m============[0m[37m========[0m [1m0s[0m 48ms/step - accuracy: 0.8385 - loss: 0.5134
[1m 8/10[0m [32m================[0m[37m====[0m [1m0s[0m 47ms/step - accuracy: 0.8372 - loss: 0.5222
[1m10/10[0m [32m====================[0m[37m[0m [1m0s[0m 47ms/step - accuracy: 0.8376 - loss: 0.5270
[1m10/10[0m [32m====================[0m[37m[0m [1m1s[0m 112ms/step - accuracy: 0.8313 - loss: 0.5466 - val_accuracy: 0.9500 - val_loss: 0.3869
Epoch 4/12

[1m 1/10[0m [32m==[0m[37m==================[0m [1m0s[0m 95ms/step - accuracy: 0.8125 - loss: 0.3990
[1m 2/10[0m [32m====[0m[37m================[0m [1m0s[0m 55ms/step - accuracy: 0.8438 - loss: 0.3603
[1m 3/10[0m [32m======[0m[37m==============[0m [1m0s[0m 53ms/step - accuracy: 0.8542 - loss: 0.3577
[1m 5/10[0m [32m==========[0m[37m==========[0m [1m0s[0m 52ms/step - accuracy: 0.8594 - loss: 0.3725
[1m 6/10[0m [32m============[0m[37m========[0m [1m0s[0m 52ms/step - accuracy: 0.8585 - loss: 0.3820
[1m 8/10[0m [32m================[0m[37m====[0m [1m0s[0m 51ms/step - accuracy: 0.8584 - loss: 0.3930
[1m 9/10[0m [32m==================[0m[37m==[0m [1m0s[0m 51ms/step - accuracy: 0.8595 - loss: 0.3966
[1m10/10[0m [32m====================[0m[37m[0m [1m1s[0m 121ms/step - accuracy: 0.8750 - loss: 0.4041 - val_accuracy: 0.9750 - val_loss: 0.3037
Epoch 5/12

[1m 1/10[0m [32m==[0m[37m==================[0m [1m0s[0m 101ms/step - accuracy: 0.9375 - loss: 0.3205
[1m 3/10[0m [32m======[0m[37m==============[0m [1m0s[0m 42ms/step - accuracy: 0.9479 - loss: 0.3454 
[1m 4/10[0m [32m========[0m[37m============[0m [1m0s[0m 45ms/step - accuracy: 0.9414 - loss: 0.3512
[1m 6/10[0m [32m============[0m[37m========[0m [1m0s[0m 43ms/step - accuracy: 0.9418 - loss: 0.3434
[1m 8/10[0m [32m================[0m[37m====[0m [1m0s[0m 43ms/step - accuracy: 0.9449 - loss: 0.3354
[1m10/10[0m [32m====================[0m[37m[0m [1m0s[0m 43ms/step - accuracy: 0.9448 - loss: 0.3309
[1m10/10[0m [32m====================[0m[37m[0m [1m1s[0m 101ms/step - accuracy: 0.9438 - loss: 0.3090 - val_accuracy: 1.0000 - val_loss: 0.2344
Epoch 6/12

[1m 1/10[0m [32m==[0m[37m==================[0m [1m0s[0m 87ms/step - accuracy: 1.0000 - loss: 0.1709
[1m 3/10[0m [32m======[0m[37m==============[0m [1m0s[0m 40ms/step - accuracy: 0.9514 - loss: 0.2729
[1m 4/10[0m [32m========[0m[37m============[0m [1m0s[0m 45ms/step - accuracy: 0.9401 - loss: 0.2990
[1m 6/10[0m [32m============[0m[37m========[0m [1m0s[0m 43ms/step - accuracy: 0.9337 - loss: 0.3112
[1m 8/10[0m [32m================[0m[37m====[0m [1m0s[0m 43ms/step - accuracy: 0.9293 - loss: 0.3166
[1m10/10[0m [32m====================[0m[37m[0m [1m0s[0m 43ms/step - accuracy: 0.9303 - loss: 0.3121
[1m10/10[0m [32m====================[0m[37m[0m [1m1s[0m 61ms/step - accuracy: 0.9375 - loss: 0.2832 - val_accuracy: 0.9750 - val_loss: 0.2057
Epoch 7/12

[1m 1/10[0m [32m==[0m[37m==================[0m [1m0s[0m 88ms/step - accuracy: 1.0000 - loss: 0.1772
[1m 2/10[0m [32m====[0m[37m================[0m [1m0s[0m 50ms/step - accuracy: 0.9688 - loss: 0.2200
[1m 4/10[0m [32m========[0m[37m============[0m [1m0s[0m 48ms/step - accuracy: 0.9349 - loss: 0.2548
[1m 6/10[0m [32m============[0m[37m========[0m [1m0s[0m 48ms/step - accuracy: 0.9184 - loss: 0.2656
[1m 8/10[0m [32m================[0m[37m====[0m [1m0s[0m 47ms/step - accuracy: 0.9138 - loss: 0.2696
[1m10/10[0m [32m====================[0m[37m[0m [1m0s[0m 47ms/step - accuracy: 0.9133 - loss: 0.2676
[1m10/10[0m [32m====================[0m[37m[0m [1m1s[0m 64ms/step - accuracy: 0.9125 - loss: 0.2535 - val_accuracy: 0.9750 - val_loss: 0.2088
Epoch 8/12

[1m 1/10[0m [32m==[0m[37m==================[0m [1m0s[0m 101ms/step - accuracy: 1.0000 - loss: 0.1275
[1m 2/10[0m [32m====[0m[37m================[0m [1m0s[0m 55ms/step - accuracy: 1.0000 - loss: 0.1452 
[1m 4/10[0m [32m========[0m[37m============[0m [1m0s[0m 51ms/step - accuracy: 0.9688 - loss: 0.1754
[1m 6/10[0m [32m============[0m[37m========[0m [1m0s[0m 50ms/step - accuracy: 0.9604 - loss: 0.1826
[1m 8/10[0m [32m================[0m[37m====[0m [1m0s[0m 49ms/step - accuracy: 0.9578 - loss: 0.1854
[1m10/10[0m [32m====================[0m[37m[0m [1m0s[0m 49ms/step - accuracy: 0.9563 - loss: 0.1863
[1m10/10[0m [32m====================[0m[37m[0m [1m1s[0m 67ms/step - accuracy: 0.9500 - loss: 0.1940 - val_accuracy: 0.9750 - val_loss: 0.1748
{
  "labels": [
    "Cerscospora",
    "Healthy",
    "Leaf_rust",
    "Miner",
    "Phoma"
  ],
  "heldout_development_split": {
    "accuracy": 1.0,
    "loss": 0.2343890368938446
  }
}
